// Jest Snapshot v1, https://goo.gl/fbAQLP

exports[`PasswordStrengthMeter component should render 1`] = `
<div>
  <div
    class="pg-password-strength-tip"
  >
    <span
      class="pg-password-strength-tip-title"
    />
    <span
      class="pg-password-strength-tip-text"
    />
    <span
      class="pg-password-strength-tip-text"
    />
    <span
      class="pg-password-strength-tip-text"
    />
  </div>
</div>
`;
