// Jest Snapshot v1, https://goo.gl/fbAQLP

exports[`PasswordStrengthMeter component should render 1`] = `
<div
  className="pg-password-strength-tip"
>
  <span
    className="pg-password-strength-tip-title"
  />
  <span
    className="pg-password-strength-tip-text"
  />
  <span
    className="pg-password-strength-tip-text"
  />
  <span
    className="pg-password-strength-tip-text"
  />
</div>
`;
