// Jest Snapshot v1, https://goo.gl/fbAQLP

exports[`Basic Modal should render 1`] = `
<div>
  <div
    class="cr-modal"
  >
    <div
      class="cr-modal__container"
    >
      <div
        class="cr-modal__container-header"
      >
        <div>
          Title
        </div>
      </div>
      <div
        class="cr-modal__container-content"
      >
        <div>
          Some content
        </div>
      </div>
      <div
        class="cr-modal__container-footer"
      >
        <button
          class="btn btn-primary"
          type="button"
        />
      </div>
    </div>
  </div>
</div>
`;
