// Jest Snapshot v1, https://goo.gl/fbAQLP

exports[`SignUp component should render 1`] = `
<form>
  <div
    class="cr-sign-up-form"
  >
    <div
      class="cr-sign-up-form__options-group"
    >
      <div
        class="cr-sign-up-form__option"
      >
        <div
          class="cr-sign-up-form__option-inner cr-sign-in-form__tab-signin"
        >
          Sign In
        </div>
      </div>
      <div
        class="cr-sign-up-form__option"
      >
        <div
          class="cr-sign-up-form__option-inner __selected"
        >
          Sign Up
        </div>
      </div>
    </div>
    <div
      class="cr-sign-up-form__form-content"
    >
      <div
        class="cr-sign-up-form__group"
      >
        <div
          class="custom-input"
        >
          <label
            class="cr-sign-up-form__label"
          />
          <div
            class="input-group input-group-lg"
          >
            <input
              autofocus=""
              class="form-control form-control-lg"
              placeholder="Email"
              type="email"
              value=""
            />
          </div>
        </div>
      </div>
      <div
        class="cr-sign-up-form__group"
      >
        <div
          class="custom-input"
        >
          <label
            class="cr-sign-up-form__label"
          />
          <div
            class="input-group input-group-lg"
          >
            <input
              class="form-control form-control-lg"
              placeholder="Password"
              type="password"
              value=""
            />
          </div>
        </div>
      </div>
      <div
        class="cr-sign-up-form__group"
      >
        <div
          class="custom-input"
        >
          <label
            class="cr-sign-up-form__label"
          />
          <div
            class="input-group input-group-lg"
          >
            <input
              class="form-control form-control-lg"
              placeholder="Confirm Password"
              type="password"
              value=""
            />
          </div>
        </div>
      </div>
      <div
        class="cr-sign-up-form__group"
      >
        <div
          class="custom-input"
        >
          <label
            class="cr-sign-up-form__label"
          />
          <div
            class="input-group input-group-lg"
          >
            <input
              class="form-control form-control-lg"
              placeholder="Referral code"
              type="text"
              value=""
            />
          </div>
        </div>
      </div>
      <div
        class="custom-control custom-checkbox"
      >
        <input
          class="custom-control-input"
          id="agreeWithTerms"
          type="checkbox"
        />
        <label
          class="custom-control-label"
          for="agreeWithTerms"
          title=""
        >
          I  agree all statements in terms of service
        </label>
      </div>
      <div
        class="cr-sign-up-form__button-wrapper"
      >
        <button
          class="btn btn-primary btn-block btn-lg"
          disabled=""
          type="button"
        >
          Sign up
        </button>
      </div>
    </div>
  </div>
</form>
`;
