// Jest Snapshot v1, https://goo.gl/fbAQLP

exports[`DepositFiat should match snapshot 1`] = `
<div>
  <div
    class="cr-deposit-fiat"
  >
    <p
      class="cr-deposit-fiat__title"
    >
      Custom Title
    </p>
    <p
      class="cr-deposit-fiat__description"
    >
      Custom Description
    </p>
    <div
      class="cr-deposit-fiat-credentials"
    >
      <div
        class="cr-deposit-fiat-detail"
      >
        <p
          class="cr-deposit-fiat-detail__label"
        >
          Bank Name
          :
        </p>
        <p
          class="cr-deposit-fiat-detail__value"
        >
          Diamant Bank
        </p>
      </div>
      <div
        class="cr-deposit-fiat-detail"
      >
        <p
          class="cr-deposit-fiat-detail__label"
        >
          Account number
          :
        </p>
        <p
          class="cr-deposit-fiat-detail__value"
        >
          10120212
        </p>
      </div>
      <div
        class="cr-deposit-fiat-detail"
      >
        <p
          class="cr-deposit-fiat-detail__label"
        >
          Account name
          :
        </p>
        <p
          class="cr-deposit-fiat-detail__value"
        >
          name
        </p>
      </div>
      <div
        class="cr-deposit-fiat-detail"
      >
        <p
          class="cr-deposit-fiat-detail__label"
        >
          Phone Number
          :
        </p>
        <p
          class="cr-deposit-fiat-detail__value"
        >
          +3 8093 1212 12 12
        </p>
      </div>
      <div
        class="cr-deposit-fiat-detail"
      >
        <p
          class="cr-deposit-fiat-detail__label"
        >
          Your reference code
          :
        </p>
        <p
          class="cr-deposit-fiat-detail__value"
        >
          42389734
        </p>
      </div>
    </div>
  </div>
</div>
`;
