// Jest Snapshot v1, https://goo.gl/fbAQLP

exports[`ChangeForgottenPasswordScreen test should render 1`] = `
<div>
  <div
    class="pg-change-forgotten-password-screen"
  >
    <div
      class="pg-change-forgotten-password-screen__container"
    >
      <div
        class="pg-mobile-change-password"
      >
        <div
          class="cr-email-form__options-group"
        >
          <div
            class="cr-email-form__option"
          >
            <div
              class="cr-email-form__option-inner"
            >
              Reset password
            </div>
          </div>
        </div>
        <div
          class="pg-mobile-change-password__wrapper"
        >
          <div
            class="pg-mobile-change-password__body"
          >
            <div
              class="cr-email-form__group"
            >
              <div
                class="custom-input"
              >
                <label
                  class="cr-email-form__label"
                />
                <div
                  class="input-group input-group-lg"
                >
                  <input
                    class="form-control form-control-lg"
                    placeholder="New password"
                    type="password"
                    value=""
                  />
                </div>
              </div>
            </div>
            <div
              class="cr-email-form__group"
            >
              <div
                class="custom-input"
              >
                <label
                  class="cr-email-form__label"
                />
                <div
                  class="input-group input-group-lg"
                >
                  <input
                    class="form-control form-control-lg"
                    placeholder="Password Confirmation"
                    type="password"
                    value=""
                  />
                </div>
              </div>
            </div>
          </div>
          <div
            class="pg-mobile-change-password__footer"
          >
            <button
              class="btn btn-primary btn-block btn-lg"
              disabled=""
              type="button"
            >
              Change
            </button>
          </div>
        </div>
      </div>
    </div>
  </div>
</div>
`;
