// Jest Snapshot v1, https://goo.gl/fbAQLP

exports[`ForgotPasswordScreen should render 1`] = `
<div>
  <div
    class="pg-forgot-password-screen"
  >
    <div
      class="pg-forgot-password-screen__container"
    >
      <div
        class="pg-forgot-password___form"
      >
        <form>
          <div
            class="cr-email-form"
          >
            <div
              class="cr-email-form__options-group"
            >
              <div
                class="cr-email-form__option"
              >
                <div
                  class="cr-email-form__option-inner"
                >
                  Forgot Password
                  <div
                    class="cr-email-form__cros-icon"
                  >
                    <svg
                      class="close-icon"
                      fill="none"
                      height="14"
                      viewBox="0 0 14 14"
                      width="14"
                    >
                      <path
                        clip-rule="evenodd"
                        d="M5.58434 6.99901L0.875873 11.7079L2.29003 13.1221L6.99849 8.41328L11.707 13.1221L13.1211 11.7079L8.41265 6.99901L13.704 1.7072L12.2899 0.292927L6.99849 5.58474L1.70712 0.292932L0.292969 1.7072L5.58434 6.99901Z"
                        fill="var(--icons)"
                        fill-rule="evenodd"
                      />
                    </svg>
                  </div>
                </div>
              </div>
            </div>
            <div
              class="cr-email-form__form-content"
            >
              <div
                class="cr-email-form__header"
              >
                Enter email to reset password
              </div>
              <div
                class="cr-email-form__group cr-email-form__group--focused"
              >
                <div
                  class="custom-input"
                >
                  <label
                    class="cr-email-form__label"
                  />
                  <div
                    class="input-group input-group-lg"
                  >
                    <input
                      class="form-control form-control-lg"
                      placeholder="Email"
                      type="email"
                      value=""
                    />
                  </div>
                </div>
              </div>
              <div
                class="cr-email-form__button-wrapper"
              >
                <button
                  class="btn btn-primary btn-block btn-lg"
                  disabled=""
                  type="button"
                >
                  Send
                </button>
              </div>
            </div>
          </div>
        </form>
      </div>
    </div>
  </div>
</div>
`;
