// Jest Snapshot v1, https://goo.gl/fbAQLP

exports[`HistoryScreen should render 1`] = `
<div>
  <div
    class="pg-history-tab pg-container"
  >
    <div
      class="pg-history-tab__tabs-content"
    >
      <div
        class="cr-tab-panel"
      >
        <div
          class="cr-tab-panel__navigation-container draggable-container"
        >
          <div
            class="cr-tab-panel__navigation-container-navigation"
            role="tablist"
          >
            <div
              class="cr-tab cr-tab__active"
              role="tab"
              tabindex="0"
            >
              Deposit History
              <span
                class="cr-tab__pointer"
              />
            </div>
            <div
              class="cr-tab"
              role="tab"
              tabindex="1"
            >
              Withdrawal History
            </div>
            <div
              class="cr-tab"
              role="tab"
              tabindex="2"
            >
              Trade History
            </div>
            <div
              class="cr-tab"
              role="tab"
              tabindex="3"
            >
              Transfer History
            </div>
          </div>
        </div>
        <div
          class="cr-tab-content cr-tab-content__active"
        >
          <div
            class="pg-history-elem pg-history-elem-empty"
          >
            <div
              class="text-center"
            >
              <div
                class="spinner-border text-primary"
              />
            </div>
          </div>
        </div>
        <div
          class="cr-tab-content"
        />
        <div
          class="cr-tab-content"
        />
        <div
          class="cr-tab-content"
        />
      </div>
    </div>
  </div>
</div>
`;
