// Jest Snapshot v1, https://goo.gl/fbAQLP

exports[`SummaryField should render 1`] = `
<div
  className="cr-summary-field"
>
  <div
    className="cr-summary-field-border-item-undefined"
  />
  <span
    className="cr-summary-field-message"
  >
    Message
  </span>
  <span
    className="cr-summary-field-content"
  >
    <div>
      Content
    </div>
  </span>
</div>
`;
