// Jest Snapshot v1, https://goo.gl/fbAQLP

exports[`TabPanel should render 1`] = `
<div>
  <div
    class="cr-tab-panel"
  >
    <div
      class="cr-tab-panel__navigation-container draggable-container"
    >
      <div
        class="cr-tab-panel__navigation-container-navigation"
        role="tablist"
      >
        <div
          class="cr-tab cr-tab__active"
          role="tab"
          tabindex="0"
        >
          Deposit
          <span
            class="cr-tab__pointer"
          />
        </div>
        <div
          class="cr-tab"
          role="tab"
          tabindex="1"
        >
          Withdraw
        </div>
        <div
          class="cr-tab cr-tab__disabled"
          role="tab"
          tabindex="2"
        >
          Disabled
        </div>
      </div>
    </div>
    <div
      class="cr-tab-content cr-tab-content__active"
    >
      <div>
        <h4>
          Deposit
        </h4>
        <p>
          Some deposit tab content
        </p>
      </div>
    </div>
    <div
      class="cr-tab-content"
    >
      <div>
        <h4>
          Withdraw
        </h4>
        <p>
          Some withdraw tab content
        </p>
      </div>
    </div>
    <div
      class="cr-tab-content"
    >
      <div>
        <h4>
          Disabled
        </h4>
        <p>
          Disabled lorem ipsum dolor sit amet.
        </p>
      </div>
    </div>
  </div>
</div>
`;
