// Jest Snapshot v1, https://goo.gl/fbAQLP

exports[`TabPanel should render 1`] = `
<div
  className="cr-tab-panel"
>
  <div
    className="cr-tab-panel__navigation-container draggable-container"
  >
    <div
      className="cr-tab-panel__navigation-container-navigation"
      role="tablist"
    >
      <div
        className="cr-tab cr-tab__active"
        key="0"
        onClick={[Function]}
        role="tab"
        tabIndex={0}
      >
        Deposit
        <span
          className="cr-tab__pointer"
        />
      </div>
      <div
        className="cr-tab"
        key="1"
        onClick={[Function]}
        role="tab"
        tabIndex={1}
      >
        Withdraw
      </div>
      <div
        className="cr-tab cr-tab__disabled"
        key="2"
        onClick={[Function]}
        role="tab"
        tabIndex={2}
      >
        Disabled
      </div>
    </div>
  </div>
  <div
    className="cr-tab-content cr-tab-content__active"
    key="Deposit-0"
  >
    <div>
      <h4>
        Deposit
      </h4>
      <p>
        Some deposit tab content
      </p>
    </div>
  </div>
  <div
    className="cr-tab-content"
    key="Withdraw-1"
  >
    <div>
      <h4>
        Withdraw
      </h4>
      <p>
        Some withdraw tab content
      </p>
    </div>
  </div>
  <div
    className="cr-tab-content"
    key="Disabled-2"
  >
    <div>
      <h4>
        Disabled
      </h4>
      <p>
        Disabled lorem ipsum dolor sit amet.
      </p>
    </div>
  </div>
</div>
`;
