// Jest Snapshot v1, https://goo.gl/fbAQLP

exports[`SummaryField should render 1`] = `
<div>
  <div
    class="cr-summary-field"
  >
    <span
      class="cr-summary-field-message"
    >
      Message
    </span>
    <span
      class="cr-summary-field-content"
    >
      <div>
        Content
      </div>
    </span>
  </div>
</div>
`;
