// Jest Snapshot v1, https://goo.gl/fbAQLP

exports[`WalletList should render 1`] = `
<div>
  <ul
    class="cr-wallet-list"
  >
    <li
      style="list-style-type: none;"
    >
      <div
        class="cr-wallet-item cr-wallet-item--active"
        style="display: flex; justify-content: space-between;"
      >
        <div
          class="cr-wallet-item__info"
        >
          <span
            class="cr-crypto-icon cr-wallet-item__icon"
          >
            <img
              alt="BTC"
            />
             
          </span>
          <div
            class="cr-wallet-item__description"
          >
            <span
              class="cr-wallet-item__description-currency"
            >
              BTC
            </span>
            <span
              class="cr-wallet-item__description-name"
            >
              Bitcoin
            </span>
          </div>
        </div>
        <span
          class="cr-wallet-item__balance"
        >
          <span>
            456
          </span>
          <span
            class="cr-decimal__opacity"
          >
            .00000000
          </span>
          <div
            class="cr-wallet-item__balance-price"
          >
            ≈ $0.0000
          </div>
        </span>
      </div>
    </li>
    <li
      style="list-style-type: none;"
    >
      <div
        class="cr-wallet-item "
        style="display: flex; justify-content: space-between;"
      >
        <div
          class="cr-wallet-item__info"
        >
          <span
            class="cr-crypto-icon cr-wallet-item__icon"
          >
            <img
              alt="USD"
            />
             
          </span>
          <div
            class="cr-wallet-item__description"
          >
            <span
              class="cr-wallet-item__description-currency"
            >
              USD
            </span>
            <span
              class="cr-wallet-item__description-name"
            >
              United states Dollar
            </span>
          </div>
        </div>
        <span
          class="cr-wallet-item__balance"
        >
          <span>
            456
          </span>
          <span
            class="cr-decimal__opacity"
          >
            .00000000
          </span>
          <div
            class="cr-wallet-item__balance-price"
          >
            ≈ $456.0000
          </div>
        </span>
      </div>
    </li>
    <li
      style="list-style-type: none;"
    >
      <div
        class="cr-wallet-item "
        style="display: flex; justify-content: space-between;"
      >
        <div
          class="cr-wallet-item__info"
        >
          <span
            class="cr-crypto-icon cr-wallet-item__icon"
          >
            <img
              alt="BTC"
            />
             
          </span>
          <div
            class="cr-wallet-item__description"
          >
            <span
              class="cr-wallet-item__description-currency"
            >
              BTC
            </span>
            <span
              class="cr-wallet-item__description-name"
            >
              Bitcoin - 2
            </span>
          </div>
        </div>
        <span
          class="cr-wallet-item__balance"
        >
          <span>
            2
          </span>
          <span
            class="cr-decimal__opacity"
          >
            .00000000
          </span>
          <div
            class="cr-wallet-item__balance-price"
          >
            ≈ $0.0000
          </div>
        </span>
      </div>
    </li>
  </ul>
</div>
`;
