// Jest Snapshot v1, https://goo.gl/fbAQLP

exports[`WalletList should render 1`] = `
<ul
  className="cr-wallet-list"
>
  <li
    key="0"
    onClick={[Function]}
    style={
      Object {
        "listStyleType": "none",
        "padding": "calc(var(--gap) * 0.5) calc(var(--gap))",
      }
    }
  >
    <Component
      account_type=""
      active={true}
      balance="456"
      currencies={Array []}
      currency="BTC"
      fixed={8}
      key="0"
      locked="1"
      markets={Array []}
      name="Bitcoin"
      networks={Array []}
      tickers={Object {}}
      type="fiat"
    />
  </li>
  <li
    key="1"
    onClick={[Function]}
    style={
      Object {
        "listStyleType": "none",
        "padding": "calc(var(--gap) * 0.5) calc(var(--gap))",
      }
    }
  >
    <Component
      account_type=""
      active={false}
      balance="456"
      currencies={Array []}
      currency="USD"
      fixed={8}
      key="1"
      locked="100"
      markets={Array []}
      name="United states Dollar"
      networks={Array []}
      tickers={Object {}}
      type="coin"
    />
  </li>
  <li
    key="2"
    onClick={[Function]}
    style={
      Object {
        "listStyleType": "none",
        "padding": "calc(var(--gap) * 0.5) calc(var(--gap))",
      }
    }
  >
    <Component
      account_type=""
      active={false}
      balance="2"
      currencies={Array []}
      currency="BTC"
      fixed={8}
      key="2"
      locked="0.4"
      markets={Array []}
      name="Bitcoin - 2"
      networks={Array []}
      tickers={Object {}}
      type="fiat"
    />
  </li>
</ul>
`;
