// Jest Snapshot v1, https://goo.gl/fbAQLP

exports[`ProfileScreen test should render 1`] = `
<div
  class="container pg-profile-page"
>
  <div
    class="pg-profile-page__details"
  >
    <div
      class="row pg-profile-page-header pg-profile-page-header-first"
    >
      <h3
        class="col-12"
      >
        Profile
      </h3>
    </div>
    <div
      class="row"
    >
      <div
        class="col-12 col-md-6 mx-0"
      >
        <div
          class="row col-12 mx-0"
        >
          <div
            class="pg-profile-page__box pg-profile-page__left-col__basic"
          >
            <div
              class="pg-profile-page__box-header pg-profile-page__left-col__basic__info-row"
            >
              <div
                class="pg-profile-page__left-col__basic__info-row__block"
              >
                <div
                  class="pg-profile-page__row pg-profile-page__details-user"
                >
                  <p />
                </div>
                <div
                  class="pg-profile-page__row"
                >
                  <h2>
                    UID: 
                  </h2>
                </div>
              </div>
            </div>
            <div
              class="pg-profile-page__row"
            >
              <div>
                <div
                  class="pg-profile-page__label"
                >
                  Password
                </div>
                <div>
                  ************
                </div>
              </div>
              <button
                class="btn-block mt-3 mb-3 btn-lg btn btn-primary w-25 btn btn-primary btn-lg"
                type="button"
              >
                Change
              </button>
            </div>
            <div
              class="pg-profile-page__row"
            >
              <label
                class="pg-profile-page__label"
              >
                <div>
                  Two-factor authentication
                </div>
                <span
                  class="pg-profile-page__label-value__disabled"
                >
                  Disabled
                </span>
              </label>
              <form
                class=""
              >
                <div
                  class="custom-control custom-switch"
                >
                  <input
                    class="custom-control-input"
                    id="2fa-switch"
                    type="checkbox"
                  />
                  <label
                    class="custom-control-label"
                    for="2fa-switch"
                    title=""
                  />
                </div>
              </form>
            </div>
          </div>
          <div
            class="pg-profile-page__referral mb-3"
          >
            <fieldset
              class="pg-copyable-text__section"
            >
              <legend
                class="cr-deposit-crypto__copyable-title"
              >
                Referral Link
              </legend>
              <div
                class="cr-copyable-text-field pg-copyable-text-field__input"
              >
                <div
                  class="input-group"
                >
                  <div
                    class="custom-input"
                  >
                    <label />
                    <div
                      class="input-group input-group-lg"
                    >
                      <input
                        class="form-control form-control-lg"
                        id="referral-id"
                        placeholder=""
                        readonly=""
                        type="text"
                        value="http://localhost/signup?refid="
                      />
                    </div>
                  </div>
                  <div
                    class="input-group-append"
                  >
                    <button
                      class="btn btn-primary btn-lg"
                      type="button"
                    >
                      Copy
                    </button>
                  </div>
                </div>
              </div>
            </fieldset>
          </div>
        </div>
      </div>
      <div
        class="col-12 col-md-6"
      >
        <div
          class="pg-profile-page__box pg-profile-page-verification"
        >
          <h3
            class="pg-profile-page-verification__title"
          >
            Profile Verification
          </h3>
          <div
            class="pg-profile-page-verification__progress-bar"
          >
            <div
              class="pg-profile-page-verification__progress-bar__step pg-profile-page-verification__progress-bar__step--active"
            >
              Level
              <span>
                 1
              </span>
            </div>
            <div
              class="pg-profile-page-verification__progress-bar__step pg-profile-page-verification__progress-bar__step--blocked"
            >
              Level
              <span>
                 2
              </span>
            </div>
            <div
              class="pg-profile-page-verification__progress-bar__step pg-profile-page-verification__progress-bar__step--blocked"
            >
              Level
              <span>
                 3
              </span>
            </div>
            <div
              class="pg-profile-page-verification__progress-bar__step pg-profile-page-verification__progress-bar__step--blocked"
            >
              Level
              <span>
                 4
              </span>
            </div>
            <div
              class="pg-profile-page-verification__progress-bar__step pg-profile-page-verification__progress-bar__step--blocked"
            >
              Level
              <span>
                 5
              </span>
            </div>
          </div>
          <div
            class="pg-profile-page-verification__step pg-profile-page-verification__step--active"
          >
            <div
              class="pg-profile-page-verification__step__info"
            >
              <div
                class="pg-profile-page-verification__step__info__title"
              >
                <span>
                  1. 
                </span>
                Email address
              </div>
              <div
                class="pg-profile-page-verification__step__info__subtitle"
              >
                Withdrawal allowed
              </div>
            </div>
            <div
              class="pg-profile-page-verification__step__button pg-profile-page-verification__step__button--active"
            >
              <a
                href="/confirm"
              >
                Verify
              </a>
            </div>
          </div>
          <div
            class="pg-profile-page-verification__step pg-profile-page-verification__step--blocked"
          >
            <div
              class="pg-profile-page-verification__step__info"
            >
              <div
                class="pg-profile-page-verification__step__info__title"
              >
                <span>
                  2. 
                </span>
                Verify Phone number
              </div>
              <div
                class="pg-profile-page-verification__step__info__subtitle"
              >
                To allow Deposits and Trades
              </div>
            </div>
            <div
              class="pg-profile-page-verification__step__button pg-profile-page-verification__step__button--blocked"
            >
              <a
                href="/confirm"
              >
                Verify
              </a>
            </div>
          </div>
          <div
            class="pg-profile-page-verification__step pg-profile-page-verification__step--blocked"
          >
            <div
              class="pg-profile-page-verification__step__info"
            >
              <div
                class="pg-profile-page-verification__step__info__title"
              >
                <span>
                  3. 
                </span>
                Complete your profile
              </div>
              <div
                class="pg-profile-page-verification__step__info__subtitle"
              >
                 
              </div>
            </div>
            <div
              class="pg-profile-page-verification__step__button pg-profile-page-verification__step__button--blocked"
            >
              <a
                href="/confirm"
              >
                Verify
              </a>
            </div>
          </div>
          <div
            class="pg-profile-page-verification__step pg-profile-page-verification__step--blocked"
          >
            <div
              class="pg-profile-page-verification__step__info"
            >
              <div
                class="pg-profile-page-verification__step__info__title"
              >
                <span>
                  4. 
                </span>
                Verify your Identity
              </div>
              <div
                class="pg-profile-page-verification__step__info__subtitle"
              >
                Increase Withdrawal limit to 10 BTC
              </div>
            </div>
            <div
              class="pg-profile-page-verification__step__button pg-profile-page-verification__step__button--blocked"
            >
              <a
                href="/confirm"
              >
                Verify
              </a>
            </div>
          </div>
          <div
            class="pg-profile-page-verification__step pg-profile-page-verification__step--blocked"
          >
            <div
              class="pg-profile-page-verification__step__info"
            >
              <div
                class="pg-profile-page-verification__step__info__title"
              >
                <span>
                  5. 
                </span>
                Verify Proof of residence
              </div>
              <div
                class="pg-profile-page-verification__step__info__subtitle"
              >
                Increase Withdrawal limit to 100 BTC
              </div>
            </div>
            <div
              class="pg-profile-page-verification__step__button pg-profile-page-verification__step__button--blocked"
            >
              <a
                href="/confirm"
              >
                Verify
              </a>
            </div>
          </div>
        </div>
      </div>
    </div>
  </div>
  <div
    class="row"
  >
    <div
      class="col-12"
    >
      <div
        class="pg-profile-page__api-keys"
      >
        <div
          class="pg-profile-page-header"
        >
          <div
            class="pg-profile-page__api-keys__header"
          >
            <h3>
              My API Keys
            </h3>
          </div>
        </div>
        <p
          class="pg-profile-page__label pg-profile-page__text-center"
        >
          Please enable Two-factor authentication
        </p>
      </div>
    </div>
    <div
      class="col-12"
    >
      <div
        class="pg-profile-page__activity"
      >
        <div
          class="pg-profile-page-header"
        >
          <h3>
            Account Activity
          </h3>
        </div>
        <div
          class="pg-history-elem pg-history-empty"
        >
          <p
            class="pg-history-elem__empty"
          >
            There is no data to show
          </p>
        </div>
      </div>
    </div>
  </div>
</div>
`;
