// Jest Snapshot v1, https://goo.gl/fbAQLP

exports[`InputBlock should render 1`] = `
<div
  className="cr-order-input"
>
  <fieldset
    className="cr-order-input__fieldset"
  >
    <CustomInput
      defaultLabel=""
      handleChangeInput={[Function]}
      handleFocusInput={[Function]}
      inputValue=""
      label=""
      onKeyPress={[MockFunction]}
      placeholder="0"
      type="number"
    />
  </fieldset>
  <div
    className="cr-order-input__crypto-icon"
  >
    ETH
  </div>
</div>
`;
