// Jest Snapshot v1, https://goo.gl/fbAQLP

exports[`InputBlock should render 1`] = `
<div>
  <div
    class="cr-order-input"
  >
    <fieldset
      class="cr-order-input__fieldset"
    >
      <div
        class="custom-input"
      >
        <label />
        <div
          class="input-group input-group-lg"
        >
          <input
            class="form-control form-control-lg"
            placeholder="0"
            type="number"
            value=""
          />
        </div>
      </div>
    </fieldset>
    <div
      class="cr-order-input__crypto-icon"
    >
      ETH
    </div>
  </div>
</div>
`;
