// Jest Snapshot v1, https://goo.gl/fbAQLP

exports[`WalletList should render 1`] = `
<ul
  className="cr-wallet-list"
>
  <li
    key="0"
    onClick={[Function]}
    style={
      Object {
        "listStyleType": "none",
        "padding": "calc(var(--gap) * 0.5) calc(var(--gap))",
      }
    }
  >
    <Component
      active={true}
      balance="456"
      currency="BTC"
      explorerAddress="https://testnet.blockchain.info/address/#{address}"
      explorerTransaction="https://testnet.blockchain.info/tx/#{txid}"
      fee={0.123}
      fixed={8}
      key="0"
      locked="1"
      name="Bitcoin"
      type="fiat"
    />
  </li>
  <li
    key="1"
    onClick={[Function]}
    style={
      Object {
        "listStyleType": "none",
        "padding": "calc(var(--gap) * 0.5) calc(var(--gap))",
      }
    }
  >
    <Component
      active={false}
      balance="456"
      currency="USD"
      fee={0.123}
      fixed={8}
      key="1"
      locked="100"
      name="United states Dollar"
      type="coin"
    />
  </li>
  <li
    key="2"
    onClick={[Function]}
    style={
      Object {
        "listStyleType": "none",
        "padding": "calc(var(--gap) * 0.5) calc(var(--gap))",
      }
    }
  >
    <Component
      active={false}
      balance="2"
      currency="BTC"
      fee={0.3}
      fixed={8}
      key="2"
      locked="0.4"
      name="Bitcoin - 2"
      type="fiat"
    />
  </li>
</ul>
`;
