// Jest Snapshot v1, https://goo.gl/fbAQLP

exports[`CustomInput component should render 1`] = `
<div>
  <div
    class="custom-input"
  >
    <label
      class=""
    />
    <div
      class="input-group input-group-lg"
    >
      <input
        class="form-control form-control-lg"
        placeholder=""
        type=""
        value=""
      />
    </div>
  </div>
</div>
`;
