// Jest Snapshot v1, https://goo.gl/fbAQLP

exports[`CombinedOrderBook should render 1`] = `
<div
  className="cr-combined-order-book"
>
  <div
    className="cr-combined-order-book__small"
  >
    <OrderBook
      data={
        Array [
          Array [
            "123",
            "14",
            "121",
          ],
          Array [
            "123",
            "14",
            "121",
          ],
          Array [
            "123",
            "14",
            "121",
          ],
          Array [
            "123",
            "14",
            "121",
          ],
          Array [
            "123",
            "14",
            "121",
          ],
        ]
      }
      headers={
        Array [
          "Amount",
          "Total",
          "Price",
        ]
      }
      maxVolume={3}
      onSelect={[Function]}
      orderBookEntry={
        Array [
          0.5,
          0.4,
          0.3,
          0.2,
          0.1,
        ]
      }
      side="left"
    />
    <div
      className="cr-combined-order-book__market"
    >
      <span
        className="pg-order-book__market-negative"
      >
        123
      </span>
      <span>
        Last Market Price
      </span>
    </div>
    <OrderBook
      data={
        Array [
          Array [
            "123",
            "14",
            "121",
          ],
          Array [
            "123",
            "14",
            "121",
          ],
          Array [
            "123",
            "14",
            "121",
          ],
          Array [
            "123",
            "14",
            "121",
          ],
          Array [
            "123",
            "14",
            "121",
          ],
        ]
      }
      maxVolume={3}
      onSelect={[Function]}
      orderBookEntry={
        Array [
          0.1,
          0.2,
          0.3,
          0.4,
          0.5,
        ]
      }
      side="left"
    />
  </div>
</div>
`;
