// Jest Snapshot v1, https://goo.gl/fbAQLP

exports[`DepositCrypto should match snapshot 1`] = `
<ContextProvider
  value={
    Object {
      "store": Object {
        "@@observable": [Function],
        "dispatch": [Function],
        "getState": [Function],
        "replaceReducer": [Function],
        "subscribe": [Function],
      },
      "subscription": Object {
        "addNestedSub": [Function],
        "getListeners": [Function],
        "handleChangeWrapper": [Function],
        "isSubscribed": [Function],
        "notifyNestedSubs": [Function],
        "onStateChange": [Function],
        "trySubscribe": [Function],
        "tryUnsubscribe": [Function],
      },
    }
  }
>
  <DepositCrypto
    dimensions={118}
    disabled={false}
    error="error123"
    handleGenerateAddress={[MockFunction]}
    handleOnCopy={[MockFunction]}
    network="erc-20"
    text="text123"
    wallet={
      Object {
        "account_type": "",
        "currency": "eth",
        "fixed": 0,
        "name": "",
        "networks": Array [],
        "type": "coin",
      }
    }
  />
  ,
</ContextProvider>
`;
