// Jest Snapshot v1, https://goo.gl/fbAQLP

exports[`DepositCrypto should match snapshot 1`] = `
<div
  className=""
>
  <div
    className="cr-deposit-crypto"
  >
    <div>
      <p
        className="cr-deposit-info"
      >
        text123
      </p>
      <div
        className="d-none d-md-block qr-code-wrapper"
      >
        <Component
          data="123123"
          dimensions={118}
        />
      </div>
    </div>
    <div>
      <form
        className="cr-deposit-crypto__copyable"
      >
        <fieldset
          className="cr-copyable-text-field"
          onClick={
            [MockFunction] {
              "calls": Array [
                Array [],
              ],
              "results": Array [
                Object {
                  "isThrow": false,
                  "value": undefined,
                },
              ],
            }
          }
        >
          <legend
            className="cr-deposit-crypto__copyable-title"
          >
            Deposit by Wallet Address
          </legend>
          <CopyableTextField
            className="cr-deposit-crypto__copyable-area"
            disabled={false}
            fieldId="copy_deposit_1"
            value="123123"
          />
        </fieldset>
      </form>
    </div>
  </div>
</div>
`;
