// Jest Snapshot v1, https://goo.gl/fbAQLP

exports[`Dropdown #render should render dropdown 1`] = `
<div
  className="cr-dropdown"
>
  <div
    className="cr-dropdown__input"
    onBlur={[Function]}
    onClick={[Function]}
    onFocus={[Function]}
  >
    <span
      className="cr-dropdown__input-label"
      contentEditable={true}
      onKeyDown={[Function]}
      suppressContentEditableWarning={true}
    >
      Limit
    </span>
    <span
      className="cr-dropdown__input-icon"
    >
      <img
        src="test-file-stub"
      />
    </span>
  </div>
</div>
`;
